#
# There is insufficient memory for the Java Runtime Environment to continue.
# Native memory allocation (malloc) failed to allocate 1048576 bytes. Error detail: AllocateHeap
# Possible reasons:
#   The system is out of physical RAM or swap space
#   This process is running with CompressedOops enabled, and the Java Heap may be blocking the growth of the native heap
# Possible solutions:
#   Reduce memory load on the system
#   Increase physical memory or swap space
#   Check if swap backing store is full
#   Decrease Java heap size (-Xmx/-Xms)
#   Decrease number of Java threads
#   Decrease Java thread stack sizes (-Xss)
#   Set larger code cache with -XX:ReservedCodeCacheSize=
#   JVM is running with Unscaled Compressed Oops mode in which the Java heap is
#     placed in the first 4GB address space. The Java Heap base address is the
#     maximum limit for the native heap growth. Please use -XX:HeapBaseMinAddress
#     to set the Java Heap base and to place the Java Heap above 4GB virtual address.
# This output file may be truncated or incomplete.
#
#  Out of Memory Error (allocation.cpp:44), pid=19696, tid=21488
#
# JRE version: OpenJDK Runtime Environment Temurin-21.0.10+7 (21.0.10+7) (build 21.0.10+7-LTS)
# Java VM: OpenJDK 64-Bit Server VM Temurin-21.0.10+7 (21.0.10+7-LTS, mixed mode, sharing, tiered, compressed oops, compressed class ptrs, parallel gc, windows-amd64)
# No core dump will be written. Minidumps are not enabled by default on client versions of Windows
#

---------------  S U M M A R Y ------------

Command Line: --add-modules=ALL-SYSTEM --add-opens=java.base/java.util=ALL-UNNAMED --add-opens=java.base/java.lang=ALL-UNNAMED --add-opens=java.base/sun.nio.fs=ALL-UNNAMED -Declipse.application=org.eclipse.jdt.ls.core.id1 -Dosgi.bundles.defaultStartLevel=4 -Declipse.product=org.eclipse.jdt.ls.core.product -Djava.import.generatesMetadataFilesAtProjectRoot=false -DDetectVMInstallationsJob.disabled=true -Dfile.encoding=utf8 -XX:+UseParallelGC -XX:GCTimeRatio=4 -XX:AdaptiveSizePolicyWeight=90 -Dsun.zip.disableMemoryMapping=true -Xmx2G -Xms100m -Xlog:disable -javaagent:c:\Users\hp\.vscode\extensions\redhat.java-1.53.0-win32-x64\lombok\lombok-1.18.39-4050.jar -XX:+HeapDumpOnOutOfMemoryError -XX:HeapDumpPath=c:\Users\hp\AppData\Roaming\Code\User\workspaceStorage\c4173f62187eaf324d83cf2981bc79d4\redhat.java -Daether.dependencyCollector.impl=bf c:\Users\hp\.vscode\extensions\redhat.java-1.53.0-win32-x64\server\plugins\org.eclipse.equinox.launcher_1.7.100.v20251111-0406.jar -configuration c:\Users\hp\AppData\Roaming\Code\User\globalStorage\redhat.java\1.53.0\config_win -data c:\Users\hp\AppData\Roaming\Code\User\workspaceStorage\c4173f62187eaf324d83cf2981bc79d4\redhat.java\jdt_ws --pipe=\\.\pipe\lsp-fad6d4e2111bc3592b19d13702c73b19-sock

Host: 12th Gen Intel(R) Core(TM) i5-12450H, 12 cores, 7G,  Windows 11 , 64 bit Build 26100 (10.0.26100.7920)
Time: Thu Apr  2 12:06:05 2026 India Standard Time elapsed time: 856.675775 seconds (0d 0h 14m 16s)

---------------  T H R E A D  ---------------

Current thread (0x000002326a009c00):  JavaThread "Attach Listener" daemon [_thread_in_vm, id=21488, stack(0x000000da92400000,0x000000da92500000) (1024K)]

Stack: [0x000000da92400000,0x000000da92500000]
Native frames: (J=compiled Java code, j=interpreted, Vv=VM code, C=native code)
V  [jvm.dll+0x6d7a39]
V  [jvm.dll+0x8b4b26]
V  [jvm.dll+0x8b70de]
V  [jvm.dll+0x8b77c3]
V  [jvm.dll+0x284346]
V  [jvm.dll+0xc1277]
V  [jvm.dll+0x6d82e9]
V  [jvm.dll+0x1334a6]
V  [jvm.dll+0x3f857e]
V  [jvm.dll+0x85f59d]
V  [jvm.dll+0x6d626d]
C  [ucrtbase.dll+0x37b0]
C  [KERNEL32.DLL+0x2e8d7]
C  [ntdll.dll+0x8c48c]


---------------  P R O C E S S  ---------------

Threads class SMR info:
_java_thread_list=0x000002326dce6450, length=39, elements={
0x000002320c58df80, 0x000002326a0044b0, 0x000002326a0066e0, 0x000002326a008d20,
0x000002326a009c00, 0x000002326a00e0d0, 0x000002326a012040, 0x000002326a01db30,
0x000002326a027f70, 0x000002326a1ce830, 0x000002326a38b070, 0x000002326a6ee5e0,
0x000002326a9bcca0, 0x000002326a4864c0, 0x000002326a46e0c0, 0x000002326b2d2170,
0x000002326a5b31d0, 0x000002326b15cc60, 0x000002326a9255f0, 0x000002326a927d50,
0x000002326a925c80, 0x000002326a927030, 0x000002326c1a4dc0, 0x000002326c1a6170,
0x000002326c1a5450, 0x000002326c1a40a0, 0x000002326c1a5ae0, 0x000002326c1a6e90,
0x000002326c1a6800, 0x000002326c1a4730, 0x000002326c1a88d0, 0x000002326c1a7bb0,
0x000002326c1a8240, 0x000002326c1a8f60, 0x000002326c1a95f0, 0x000002326c1a9c80,
0x000002326c1aa310, 0x000002326c1aa9a0, 0x000002326dc4e0d0
}

Java Threads: ( => current thread )
  0x000002320c58df80 JavaThread "main"                              [_thread_blocked, id=14144, stack(0x000000da91d00000,0x000000da91e00000) (1024K)]
  0x000002326a0044b0 JavaThread "Reference Handler"          daemon [_thread_blocked, id=6100, stack(0x000000da92100000,0x000000da92200000) (1024K)]
  0x000002326a0066e0 JavaThread "Finalizer"                  daemon [_thread_blocked, id=13476, stack(0x000000da92200000,0x000000da92300000) (1024K)]
  0x000002326a008d20 JavaThread "Signal Dispatcher"          daemon [_thread_blocked, id=1536, stack(0x000000da92300000,0x000000da92400000) (1024K)]
=>0x000002326a009c00 JavaThread "Attach Listener"            daemon [_thread_in_vm, id=21488, stack(0x000000da92400000,0x000000da92500000) (1024K)]
  0x000002326a00e0d0 JavaThread "Service Thread"             daemon [_thread_blocked, id=5968, stack(0x000000da92500000,0x000000da92600000) (1024K)]
  0x000002326a012040 JavaThread "Monitor Deflation Thread"   daemon [_thread_blocked, id=3704, stack(0x000000da92600000,0x000000da92700000) (1024K)]
  0x000002326a01db30 JavaThread "C2 CompilerThread0"         daemon [_thread_blocked, id=8360, stack(0x000000da92700000,0x000000da92800000) (1024K)]
  0x000002326a027f70 JavaThread "C1 CompilerThread0"         daemon [_thread_blocked, id=19428, stack(0x000000da92800000,0x000000da92900000) (1024K)]
  0x000002326a1ce830 JavaThread "Common-Cleaner"             daemon [_thread_blocked, id=8148, stack(0x000000da92900000,0x000000da92a00000) (1024K)]
  0x000002326a38b070 JavaThread "Notification Thread"        daemon [_thread_blocked, id=20916, stack(0x000000da92a00000,0x000000da92b00000) (1024K)]
  0x000002326a6ee5e0 JavaThread "Active Thread: Equinox Container: 8ddd6a9b-4f6e-4a8b-93e3-2fa98b3df80a"        [_thread_blocked, id=12056, stack(0x000000da93100000,0x000000da93200000) (1024K)]
  0x000002326a9bcca0 JavaThread "Refresh Thread: Equinox Container: 8ddd6a9b-4f6e-4a8b-93e3-2fa98b3df80a" daemon [_thread_blocked, id=16552, stack(0x000000da91c00000,0x000000da91d00000) (1024K)]
  0x000002326a4864c0 JavaThread "Framework Event Dispatcher: Equinox Container: 8ddd6a9b-4f6e-4a8b-93e3-2fa98b3df80a" daemon [_thread_blocked, id=21856, stack(0x000000da93300000,0x000000da93400000) (1024K)]
  0x000002326a46e0c0 JavaThread "Start Level: Equinox Container: 8ddd6a9b-4f6e-4a8b-93e3-2fa98b3df80a" daemon [_thread_blocked, id=1680, stack(0x000000da93400000,0x000000da93500000) (1024K)]
  0x000002326b2d2170 JavaThread "Bundle File Closer"         daemon [_thread_blocked, id=6576, stack(0x000000da93800000,0x000000da93900000) (1024K)]
  0x000002326a5b31d0 JavaThread "SCR Component Actor"        daemon [_thread_blocked, id=23252, stack(0x000000da93500000,0x000000da93600000) (1024K)]
  0x000002326b15cc60 JavaThread "Worker-JM"                         [_thread_blocked, id=19016, stack(0x000000da93900000,0x000000da93a00000) (1024K)]
  0x000002326a9255f0 JavaThread "JNA Cleaner"                daemon [_thread_blocked, id=10160, stack(0x000000da93a00000,0x000000da93b00000) (1024K)]
  0x000002326a927d50 JavaThread "Worker-0"                          [_thread_blocked, id=22204, stack(0x000000da93b00000,0x000000da93c00000) (1024K)]
  0x000002326a925c80 JavaThread "Java indexing"              daemon [_thread_blocked, id=17400, stack(0x000000da93f00000,0x000000da94000000) (1024K)]
  0x000002326a927030 JavaThread "Worker-4"                          [_thread_blocked, id=14864, stack(0x000000da94200000,0x000000da94300000) (1024K)]
  0x000002326c1a4dc0 JavaThread "Thread-1"                   daemon [_thread_in_native, id=21872, stack(0x000000da94400000,0x000000da94500000) (1024K)]
  0x000002326c1a6170 JavaThread "Thread-2"                   daemon [_thread_in_native, id=17484, stack(0x000000da94500000,0x000000da94600000) (1024K)]
  0x000002326c1a5450 JavaThread "Thread-3"                   daemon [_thread_in_native, id=3268, stack(0x000000da94600000,0x000000da94700000) (1024K)]
  0x000002326c1a40a0 JavaThread "Thread-4"                   daemon [_thread_in_native, id=3064, stack(0x000000da94700000,0x000000da94800000) (1024K)]
  0x000002326c1a5ae0 JavaThread "Thread-5"                   daemon [_thread_in_native, id=22908, stack(0x000000da94800000,0x000000da94900000) (1024K)]
  0x000002326c1a6e90 JavaThread "Thread-6"                   daemon [_thread_in_native, id=19988, stack(0x000000da94900000,0x000000da94a00000) (1024K)]
  0x000002326c1a6800 JavaThread "Thread-7"                   daemon [_thread_in_native, id=17060, stack(0x000000da94a00000,0x000000da94b00000) (1024K)]
  0x000002326c1a4730 JavaThread "Thread-8"                   daemon [_thread_in_native, id=17172, stack(0x000000da94b00000,0x000000da94c00000) (1024K)]
  0x000002326c1a88d0 JavaThread "Thread-9"                   daemon [_thread_in_native, id=22280, stack(0x000000da94c00000,0x000000da94d00000) (1024K)]
  0x000002326c1a7bb0 JavaThread "Thread-10"                  daemon [_thread_in_native, id=22248, stack(0x000000da94d00000,0x000000da94e00000) (1024K)]
  0x000002326c1a8240 JavaThread "Thread-11"                  daemon [_thread_in_native, id=22680, stack(0x000000da94e00000,0x000000da94f00000) (1024K)]
  0x000002326c1a8f60 JavaThread "Thread-12"                  daemon [_thread_in_native, id=23152, stack(0x000000da94f00000,0x000000da95000000) (1024K)]
  0x000002326c1a95f0 JavaThread "Thread-13"                  daemon [_thread_in_native, id=15628, stack(0x000000da95000000,0x000000da95100000) (1024K)]
  0x000002326c1a9c80 JavaThread "pool-2-thread-1"                   [_thread_blocked, id=16512, stack(0x000000da95100000,0x000000da95200000) (1024K)]
  0x000002326c1aa310 JavaThread "WorkspaceEventsHandler"            [_thread_blocked, id=10040, stack(0x000000da95200000,0x000000da95300000) (1024K)]
  0x000002326c1aa9a0 JavaThread "pool-1-thread-1"                   [_thread_blocked, id=10140, stack(0x000000da95300000,0x000000da95400000) (1024K)]
  0x000002326dc4e0d0 JavaThread "Cleaner-0"                  daemon [_thread_blocked, id=8132, stack(0x000000da95800000,0x000000da95900000) (1024K)]
Total: 39

Other Threads:
  0x000002320c64db50 VMThread "VM Thread"                           [id=13868, stack(0x000000da92000000,0x000000da92100000) (1024K)] _threads_hazard_ptr=0x000002326dce6450
  0x00000232640dca00 WatcherThread "VM Periodic Task Thread"        [id=10732, stack(0x000000da91f00000,0x000000da92000000) (1024K)]
  0x000002320c5ac560 WorkerThread "GC Thread#0"                     [id=15356, stack(0x000000da91e00000,0x000000da91f00000) (1024K)]
  0x000002326a5ea570 WorkerThread "GC Thread#1"                     [id=17556, stack(0x000000da92b00000,0x000000da92c00000) (1024K)]
  0x000002326a5cab70 WorkerThread "GC Thread#2"                     [id=3336, stack(0x000000da92c00000,0x000000da92d00000) (1024K)]
  0x000002326a5eb540 WorkerThread "GC Thread#3"                     [id=19572, stack(0x000000da92d00000,0x000000da92e00000) (1024K)]
  0x000002326a5d02c0 WorkerThread "GC Thread#4"                     [id=20648, stack(0x000000da92e00000,0x000000da92f00000) (1024K)]
  0x000002326a5d0670 WorkerThread "GC Thread#5"                     [id=12084, stack(0x000000da92f00000,0x000000da93000000) (1024K)]
  0x000002326a5d1640 WorkerThread "GC Thread#6"                     [id=20960, stack(0x000000da93000000,0x000000da93100000) (1024K)]
  0x000002326a9acbe0 WorkerThread "GC Thread#7"                     [id=6208, stack(0x000000da93200000,0x000000da93300000) (1024K)]
  0x000002326afae690 WorkerThread "GC Thread#8"                     [id=20044, stack(0x000000da93600000,0x000000da93700000) (1024K)]
  0x000002326afaea40 WorkerThread "GC Thread#9"                     [id=8388, stack(0x000000da93700000,0x000000da93800000) (1024K)]
Total: 12

Threads with active compile tasks:
Total: 0

VM state: not at safepoint (normal execution)

VM Mutex/Monitor currently owned by a thread: None

Heap address: 0x0000000080000000, size: 2048 MB, Compressed Oops mode: 32-bit

CDS archive(s) mapped at: [0x0000023223000000-0x0000023223ba0000-0x0000023223ba0000), size 12189696, SharedBaseAddress: 0x0000023223000000, ArchiveRelocationMode: 1.
Compressed class space mapped at: 0x0000023224000000-0x0000023264000000, reserved size: 1073741824
Narrow klass base: 0x0000023223000000, Narrow klass shift: 0, Narrow klass range: 0x100000000

GC Precious Log:
 CardTable entry size: 512
 CPUs: 12 total, 12 available
 Memory: 7832M
 Large Page Support: Disabled
 NUMA Support: Disabled
 Compressed Oops: Enabled (32-bit)
 Alignments: Space 512K, Generation 512K, Heap 2M
 Heap Min Capacity: 100M
 Heap Initial Capacity: 100M
 Heap Max Capacity: 2G
 Pre-touch: Disabled
 Parallel Workers: 10

Heap:
 PSYoungGen      total 18944K, used 18459K [0x00000000d5580000, 0x00000000d6c00000, 0x0000000100000000)
  eden space 17920K, 99% used [0x00000000d5580000,0x00000000d66dc160,0x00000000d6700000)
  from space 1024K, 66% used [0x00000000d6b00000,0x00000000d6baae98,0x00000000d6c00000)
  to   space 2048K, 0% used [0x00000000d6800000,0x00000000d6800000,0x00000000d6a00000)
 ParOldGen       total 68608K, used 48494K [0x0000000080000000, 0x0000000084300000, 0x00000000d5580000)
  object space 68608K, 70% used [0x0000000080000000,0x0000000082f5b898,0x0000000084300000)
 Metaspace       used 65845K, committed 67264K, reserved 1114112K
  class space    used 7003K, committed 7616K, reserved 1048576K

Card table byte_map: [0x000002320bf50000,0x000002320c360000] _byte_map_base: 0x000002320bb50000

Marking Bits: (ParMarkBitMap*) 0x00007ffdf18b3450
 Begin Bits: [0x000002321ea40000, 0x0000023220a40000)
 End Bits:   [0x0000023220a40000, 0x0000023222a40000)

Polling page: 0x000002320a400000

Metaspace:

Usage:
  Non-class:     57.46 MB used.
      Class:      6.84 MB used.
       Both:     64.30 MB used.

Virtual space:
  Non-class space:       64.00 MB reserved,      58.25 MB ( 91%) committed,  1 nodes.
      Class space:        1.00 GB reserved,       7.44 MB ( <1%) committed,  1 nodes.
             Both:        1.06 GB reserved,      65.69 MB (  6%) committed. 

Chunk freelists:
   Non-Class:  4.95 MB
       Class:  8.51 MB
        Both:  13.46 MB

MaxMetaspaceSize: unlimited
CompressedClassSpaceSize: 1.00 GB
Initial GC threshold: 21.00 MB
Current GC threshold: 97.31 MB
CDS: on
 - commit_granule_bytes: 65536.
 - commit_granule_words: 8192.
 - virtual_space_node_default_size: 8388608.
 - enlarge_chunks_in_place: 1.
 - use_allocation_guard: 0.


Internal statistics:

num_allocs_failed_limit: 9.
num_arena_births: 1066.
num_arena_deaths: 14.
num_vsnodes_births: 2.
num_vsnodes_deaths: 0.
num_space_committed: 1051.
num_space_uncommitted: 0.
num_chunks_returned_to_freelist: 23.
num_chunks_taken_from_freelist: 4103.
num_chunk_merges: 11.
num_chunk_splits: 2547.
num_chunks_enlarged: 1481.
num_inconsistent_stats: 0.

CodeHeap 'non-profiled nmethods': size=120000Kb used=5199Kb max_used=5199Kb free=114800Kb
 bounds [0x0000023217260000, 0x0000023217780000, 0x000002321e790000]
CodeHeap 'profiled nmethods': size=120000Kb used=18215Kb max_used=18215Kb free=101784Kb
 bounds [0x000002320f790000, 0x0000023210960000, 0x0000023216cc0000]
CodeHeap 'non-nmethods': size=5760Kb used=1452Kb max_used=1510Kb free=4307Kb
 bounds [0x0000023216cc0000, 0x0000023216f30000, 0x0000023217260000]
CodeCache: size=245760Kb, used=24866Kb, max_used=24924Kb, free=220891Kb
 total_blobs=9115, nmethods=8342, adapters=679, full_count=0
Compilation: enabled, stopped_count=0, restarted_count=0

Compilation events (20 events):
Event: 377.581 Thread 0x000002326a027f70 9114       1       org.eclipse.lsp4j.jsonrpc.RemoteEndpoint::getJsonHandler (5 bytes)
Event: 377.581 Thread 0x000002326a027f70 nmethod 9114 0x0000023217773990 code [0x0000023217773b20, 0x0000023217773be8]
Event: 377.582 Thread 0x000002326a027f70 9115       3       jdk.internal.ref.Cleaner::create (19 bytes)
Event: 377.583 Thread 0x000002326a027f70 nmethod 9115 0x0000023210955190 code [0x0000023210955380, 0x0000023210955948]
Event: 377.583 Thread 0x000002326a027f70 9116       3       jdk.internal.ref.Cleaner::<init> (24 bytes)
Event: 377.584 Thread 0x000002326a027f70 nmethod 9116 0x0000023210955b90 code [0x0000023210955d40, 0x0000023210956000]
Event: 377.584 Thread 0x000002326a027f70 9117  s    3       jdk.internal.ref.Cleaner::add (26 bytes)
Event: 377.584 Thread 0x000002326a027f70 nmethod 9117 0x0000023210956110 code [0x00000232109562c0, 0x0000023210956510]
Event: 377.584 Thread 0x000002326a027f70 9118       3       jdk.internal.misc.VM::isDirectMemoryPageAligned (4 bytes)
Event: 377.584 Thread 0x000002326a027f70 nmethod 9118 0x0000023210956610 code [0x00000232109567a0, 0x00000232109568a0]
Event: 377.584 Thread 0x000002326a027f70 9119       3       java.nio.Bits::pageSize (20 bytes)
Event: 377.584 Thread 0x000002326a027f70 nmethod 9119 0x0000023210956910 code [0x0000023210956ac0, 0x0000023210956c70]
Event: 377.584 Thread 0x000002326a027f70 9120   !   3       java.nio.Bits::reserveMemory (232 bytes)
Event: 377.589 Thread 0x000002326a027f70 nmethod 9120 0x0000023210956d10 code [0x0000023210957100, 0x0000023210958878]
Event: 377.591 Thread 0x000002326a027f70 9121       1       org.eclipse.lsp4j.jsonrpc.messages.NotificationMessage::getMethod (5 bytes)
Event: 377.591 Thread 0x000002326a027f70 nmethod 9121 0x0000023217773c90 code [0x0000023217773e20, 0x0000023217773ee8]
Event: 383.428 Thread 0x000002326a027f70 9122       3       java.util.concurrent.Executors$RunnableAdapter::call (14 bytes)
Event: 383.429 Thread 0x000002326a027f70 nmethod 9122 0x0000023210959410 code [0x00000232109595c0, 0x00000232109597a8]
Event: 780.931 Thread 0x000002326a027f70 9123       3       java.util.concurrent.ScheduledThreadPoolExecutor$ScheduledFutureTask::getDelay (16 bytes)
Event: 780.956 Thread 0x000002326a027f70 nmethod 9123 0x0000023210959890 code [0x0000023210959a40, 0x0000023210959bd8]

GC Heap History (20 events):
Event: 73.038 GC heap before
{Heap before GC invocations=32 (full 2):
 PSYoungGen      total 18944K, used 18942K [0x00000000d5580000, 0x00000000d6b80000, 0x0000000100000000)
  eden space 17920K, 100% used [0x00000000d5580000,0x00000000d6700000,0x00000000d6700000)
  from space 1024K, 99% used [0x00000000d6980000,0x00000000d6a7f888,0x00000000d6a80000)
  to   space 1024K, 0% used [0x00000000d6a80000,0x00000000d6a80000,0x00000000d6b80000)
 ParOldGen       total 68608K, used 41251K [0x0000000080000000, 0x0000000084300000, 0x00000000d5580000)
  object space 68608K, 60% used [0x0000000080000000,0x0000000082848dd8,0x0000000084300000)
 Metaspace       used 51724K, committed 52800K, reserved 1114112K
  class space    used 5587K, committed 6080K, reserved 1048576K
}
Event: 73.042 GC heap after
{Heap after GC invocations=32 (full 2):
 PSYoungGen      total 18944K, used 918K [0x00000000d5580000, 0x00000000d6b80000, 0x0000000100000000)
  eden space 17920K, 0% used [0x00000000d5580000,0x00000000d5580000,0x00000000d6700000)
  from space 1024K, 89% used [0x00000000d6a80000,0x00000000d6b65a28,0x00000000d6b80000)
  to   space 1536K, 0% used [0x00000000d6880000,0x00000000d6880000,0x00000000d6a00000)
 ParOldGen       total 68608K, used 41951K [0x0000000080000000, 0x0000000084300000, 0x00000000d5580000)
  object space 68608K, 61% used [0x0000000080000000,0x00000000828f7f50,0x0000000084300000)
 Metaspace       used 51724K, committed 52800K, reserved 1114112K
  class space    used 5587K, committed 6080K, reserved 1048576K
}
Event: 73.813 GC heap before
{Heap before GC invocations=33 (full 2):
 PSYoungGen      total 18944K, used 18807K [0x00000000d5580000, 0x00000000d6b80000, 0x0000000100000000)
  eden space 17920K, 99% used [0x00000000d5580000,0x00000000d66f8300,0x00000000d6700000)
  from space 1024K, 89% used [0x00000000d6a80000,0x00000000d6b65a28,0x00000000d6b80000)
  to   space 1536K, 0% used [0x00000000d6880000,0x00000000d6880000,0x00000000d6a00000)
 ParOldGen       total 68608K, used 41951K [0x0000000080000000, 0x0000000084300000, 0x00000000d5580000)
  object space 68608K, 61% used [0x0000000080000000,0x00000000828f7f50,0x0000000084300000)
 Metaspace       used 53679K, committed 54848K, reserved 1114112K
  class space    used 5745K, committed 6272K, reserved 1048576K
}
Event: 73.817 GC heap after
{Heap after GC invocations=33 (full 2):
 PSYoungGen      total 19456K, used 925K [0x00000000d5580000, 0x00000000d6b00000, 0x0000000100000000)
  eden space 17920K, 0% used [0x00000000d5580000,0x00000000d5580000,0x00000000d6700000)
  from space 1536K, 60% used [0x00000000d6880000,0x00000000d6967780,0x00000000d6a00000)
  to   space 1024K, 0% used [0x00000000d6a00000,0x00000000d6a00000,0x00000000d6b00000)
 ParOldGen       total 68608K, used 41975K [0x0000000080000000, 0x0000000084300000, 0x00000000d5580000)
  object space 68608K, 61% used [0x0000000080000000,0x00000000828fdf50,0x0000000084300000)
 Metaspace       used 53679K, committed 54848K, reserved 1114112K
  class space    used 5745K, committed 6272K, reserved 1048576K
}
Event: 74.726 GC heap before
{Heap before GC invocations=34 (full 2):
 PSYoungGen      total 19456K, used 18832K [0x00000000d5580000, 0x00000000d6b00000, 0x0000000100000000)
  eden space 17920K, 99% used [0x00000000d5580000,0x00000000d66fc940,0x00000000d6700000)
  from space 1536K, 60% used [0x00000000d6880000,0x00000000d6967780,0x00000000d6a00000)
  to   space 1024K, 0% used [0x00000000d6a00000,0x00000000d6a00000,0x00000000d6b00000)
 ParOldGen       total 68608K, used 41975K [0x0000000080000000, 0x0000000084300000, 0x00000000d5580000)
  object space 68608K, 61% used [0x0000000080000000,0x00000000828fdf50,0x0000000084300000)
 Metaspace       used 56066K, committed 57344K, reserved 1114112K
  class space    used 6024K, committed 6592K, reserved 1048576K
}
Event: 74.730 GC heap after
{Heap after GC invocations=34 (full 2):
 PSYoungGen      total 18944K, used 864K [0x00000000d5580000, 0x00000000d6b00000, 0x0000000100000000)
  eden space 17920K, 0% used [0x00000000d5580000,0x00000000d5580000,0x00000000d6700000)
  from space 1024K, 84% used [0x00000000d6a00000,0x00000000d6ad83f8,0x00000000d6b00000)
  to   space 1024K, 0% used [0x00000000d6900000,0x00000000d6900000,0x00000000d6a00000)
 ParOldGen       total 68608K, used 42366K [0x0000000080000000, 0x0000000084300000, 0x00000000d5580000)
  object space 68608K, 61% used [0x0000000080000000,0x000000008295fae0,0x0000000084300000)
 Metaspace       used 56066K, committed 57344K, reserved 1114112K
  class space    used 6024K, committed 6592K, reserved 1048576K
}
Event: 75.447 GC heap before
{Heap before GC invocations=35 (full 2):
 PSYoungGen      total 18944K, used 18784K [0x00000000d5580000, 0x00000000d6b00000, 0x0000000100000000)
  eden space 17920K, 100% used [0x00000000d5580000,0x00000000d6700000,0x00000000d6700000)
  from space 1024K, 84% used [0x00000000d6a00000,0x00000000d6ad83f8,0x00000000d6b00000)
  to   space 1024K, 0% used [0x00000000d6900000,0x00000000d6900000,0x00000000d6a00000)
 ParOldGen       total 68608K, used 42366K [0x0000000080000000, 0x0000000084300000, 0x00000000d5580000)
  object space 68608K, 61% used [0x0000000080000000,0x000000008295fae0,0x0000000084300000)
 Metaspace       used 58342K, committed 59648K, reserved 1114112K
  class space    used 6253K, committed 6848K, reserved 1048576K
}
Event: 75.454 GC heap after
{Heap after GC invocations=35 (full 2):
 PSYoungGen      total 18944K, used 1019K [0x00000000d5580000, 0x00000000d6f00000, 0x0000000100000000)
  eden space 17920K, 0% used [0x00000000d5580000,0x00000000d5580000,0x00000000d6700000)
  from space 1024K, 99% used [0x00000000d6900000,0x00000000d69fec68,0x00000000d6a00000)
  to   space 4096K, 0% used [0x00000000d6b00000,0x00000000d6b00000,0x00000000d6f00000)
 ParOldGen       total 68608K, used 44746K [0x0000000080000000, 0x0000000084300000, 0x00000000d5580000)
  object space 68608K, 65% used [0x0000000080000000,0x0000000082bb28f0,0x0000000084300000)
 Metaspace       used 58342K, committed 59648K, reserved 1114112K
  class space    used 6253K, committed 6848K, reserved 1048576K
}
Event: 75.471 GC heap before
{Heap before GC invocations=36 (full 2):
 PSYoungGen      total 18944K, used 2837K [0x00000000d5580000, 0x00000000d6f00000, 0x0000000100000000)
  eden space 17920K, 10% used [0x00000000d5580000,0x00000000d5746a90,0x00000000d6700000)
  from space 1024K, 99% used [0x00000000d6900000,0x00000000d69fec68,0x00000000d6a00000)
  to   space 4096K, 0% used [0x00000000d6b00000,0x00000000d6b00000,0x00000000d6f00000)
 ParOldGen       total 68608K, used 44746K [0x0000000080000000, 0x0000000084300000, 0x00000000d5580000)
  object space 68608K, 65% used [0x0000000080000000,0x0000000082bb28f0,0x0000000084300000)
 Metaspace       used 58487K, committed 59776K, reserved 1114112K
  class space    used 6259K, committed 6848K, reserved 1048576K
}
Event: 75.474 GC heap after
{Heap after GC invocations=36 (full 2):
 PSYoungGen      total 18944K, used 731K [0x00000000d5580000, 0x00000000d6c00000, 0x0000000100000000)
  eden space 17920K, 0% used [0x00000000d5580000,0x00000000d5580000,0x00000000d6700000)
  from space 1024K, 71% used [0x00000000d6b00000,0x00000000d6bb6cf0,0x00000000d6c00000)
  to   space 2048K, 0% used [0x00000000d6800000,0x00000000d6800000,0x00000000d6a00000)
 ParOldGen       total 68608K, used 45800K [0x0000000080000000, 0x0000000084300000, 0x00000000d5580000)
  object space 68608K, 66% used [0x0000000080000000,0x0000000082cba298,0x0000000084300000)
 Metaspace       used 58487K, committed 59776K, reserved 1114112K
  class space    used 6259K, committed 6848K, reserved 1048576K
}
Event: 75.474 GC heap before
{Heap before GC invocations=37 (full 3):
 PSYoungGen      total 18944K, used 731K [0x00000000d5580000, 0x00000000d6c00000, 0x0000000100000000)
  eden space 17920K, 0% used [0x00000000d5580000,0x00000000d5580000,0x00000000d6700000)
  from space 1024K, 71% used [0x00000000d6b00000,0x00000000d6bb6cf0,0x00000000d6c00000)
  to   space 2048K, 0% used [0x00000000d6800000,0x00000000d6800000,0x00000000d6a00000)
 ParOldGen       total 68608K, used 45800K [0x0000000080000000, 0x0000000084300000, 0x00000000d5580000)
  object space 68608K, 66% used [0x0000000080000000,0x0000000082cba298,0x0000000084300000)
 Metaspace       used 58487K, committed 59776K, reserved 1114112K
  class space    used 6259K, committed 6848K, reserved 1048576K
}
Event: 75.627 GC heap after
{Heap after GC invocations=37 (full 3):
 PSYoungGen      total 18944K, used 0K [0x00000000d5580000, 0x00000000d6c00000, 0x0000000100000000)
  eden space 17920K, 0% used [0x00000000d5580000,0x00000000d5580000,0x00000000d6700000)
  from space 1024K, 0% used [0x00000000d6b00000,0x00000000d6b00000,0x00000000d6c00000)
  to   space 2048K, 0% used [0x00000000d6800000,0x00000000d6800000,0x00000000d6a00000)
 ParOldGen       total 68608K, used 42867K [0x0000000080000000, 0x0000000084300000, 0x00000000d5580000)
  object space 68608K, 62% used [0x0000000080000000,0x00000000829dced8,0x0000000084300000)
 Metaspace       used 58487K, committed 59776K, reserved 1114112K
  class space    used 6259K, committed 6848K, reserved 1048576K
}
Event: 76.567 GC heap before
{Heap before GC invocations=38 (full 3):
 PSYoungGen      total 18944K, used 17920K [0x00000000d5580000, 0x00000000d6c00000, 0x0000000100000000)
  eden space 17920K, 100% used [0x00000000d5580000,0x00000000d6700000,0x00000000d6700000)
  from space 1024K, 0% used [0x00000000d6b00000,0x00000000d6b00000,0x00000000d6c00000)
  to   space 2048K, 0% used [0x00000000d6800000,0x00000000d6800000,0x00000000d6a00000)
 ParOldGen       total 68608K, used 42867K [0x0000000080000000, 0x0000000084300000, 0x00000000d5580000)
  object space 68608K, 62% used [0x0000000080000000,0x00000000829dced8,0x0000000084300000)
 Metaspace       used 59248K, committed 60544K, reserved 1114112K
  class space    used 6341K, committed 6912K, reserved 1048576K
}
Event: 76.571 GC heap after
{Heap after GC invocations=38 (full 3):
 PSYoungGen      total 19968K, used 2035K [0x00000000d5580000, 0x00000000d6e00000, 0x0000000100000000)
  eden space 17920K, 0% used [0x00000000d5580000,0x00000000d5580000,0x00000000d6700000)
  from space 2048K, 99% used [0x00000000d6800000,0x00000000d69fce68,0x00000000d6a00000)
  to   space 3584K, 0% used [0x00000000d6a80000,0x00000000d6a80000,0x00000000d6e00000)
 ParOldGen       total 68608K, used 43819K [0x0000000080000000, 0x0000000084300000, 0x00000000d5580000)
  object space 68608K, 63% used [0x0000000080000000,0x0000000082acaf18,0x0000000084300000)
 Metaspace       used 59248K, committed 60544K, reserved 1114112K
  class space    used 6341K, committed 6912K, reserved 1048576K
}
Event: 76.909 GC heap before
{Heap before GC invocations=39 (full 3):
 PSYoungGen      total 19968K, used 19955K [0x00000000d5580000, 0x00000000d6e00000, 0x0000000100000000)
  eden space 17920K, 100% used [0x00000000d5580000,0x00000000d6700000,0x00000000d6700000)
  from space 2048K, 99% used [0x00000000d6800000,0x00000000d69fce68,0x00000000d6a00000)
  to   space 3584K, 0% used [0x00000000d6a80000,0x00000000d6a80000,0x00000000d6e00000)
 ParOldGen       total 68608K, used 43819K [0x0000000080000000, 0x0000000084300000, 0x00000000d5580000)
  object space 68608K, 63% used [0x0000000080000000,0x0000000082acaf18,0x0000000084300000)
 Metaspace       used 60770K, committed 62208K, reserved 1114112K
  class space    used 6495K, committed 7104K, reserved 1048576K
}
Event: 76.915 GC heap after
{Heap after GC invocations=39 (full 3):
 PSYoungGen      total 19968K, used 1967K [0x00000000d5580000, 0x00000000d6c80000, 0x0000000100000000)
  eden space 17920K, 0% used [0x00000000d5580000,0x00000000d5580000,0x00000000d6700000)
  from space 2048K, 96% used [0x00000000d6a80000,0x00000000d6c6bd20,0x00000000d6c80000)
  to   space 2560K, 0% used [0x00000000d6780000,0x00000000d6780000,0x00000000d6a00000)
 ParOldGen       total 68608K, used 45892K [0x0000000080000000, 0x0000000084300000, 0x00000000d5580000)
  object space 68608K, 66% used [0x0000000080000000,0x0000000082cd1138,0x0000000084300000)
 Metaspace       used 60770K, committed 62208K, reserved 1114112K
  class space    used 6495K, committed 7104K, reserved 1048576K
}
Event: 77.830 GC heap before
{Heap before GC invocations=40 (full 3):
 PSYoungGen      total 19968K, used 19887K [0x00000000d5580000, 0x00000000d6c80000, 0x0000000100000000)
  eden space 17920K, 100% used [0x00000000d5580000,0x00000000d6700000,0x00000000d6700000)
  from space 2048K, 96% used [0x00000000d6a80000,0x00000000d6c6bd20,0x00000000d6c80000)
  to   space 2560K, 0% used [0x00000000d6780000,0x00000000d6780000,0x00000000d6a00000)
 ParOldGen       total 68608K, used 45892K [0x0000000080000000, 0x0000000084300000, 0x00000000d5580000)
  object space 68608K, 66% used [0x0000000080000000,0x0000000082cd1138,0x0000000084300000)
 Metaspace       used 62213K, committed 63680K, reserved 1114112K
  class space    used 6632K, committed 7232K, reserved 1048576K
}
Event: 77.837 GC heap after
{Heap after GC invocations=40 (full 3):
 PSYoungGen      total 20480K, used 2553K [0x00000000d5580000, 0x00000000d6f00000, 0x0000000100000000)
  eden space 17920K, 0% used [0x00000000d5580000,0x00000000d5580000,0x00000000d6700000)
  from space 2560K, 99% used [0x00000000d6780000,0x00000000d69fe400,0x00000000d6a00000)
  to   space 4096K, 0% used [0x00000000d6b00000,0x00000000d6b00000,0x00000000d6f00000)
 ParOldGen       total 68608K, used 47006K [0x0000000080000000, 0x0000000084300000, 0x00000000d5580000)
  object space 68608K, 68% used [0x0000000080000000,0x0000000082de7820,0x0000000084300000)
 Metaspace       used 62213K, committed 63680K, reserved 1114112K
  class space    used 6632K, committed 7232K, reserved 1048576K
}
Event: 107.457 GC heap before
{Heap before GC invocations=41 (full 3):
 PSYoungGen      total 20480K, used 20473K [0x00000000d5580000, 0x00000000d6f00000, 0x0000000100000000)
  eden space 17920K, 100% used [0x00000000d5580000,0x00000000d6700000,0x00000000d6700000)
  from space 2560K, 99% used [0x00000000d6780000,0x00000000d69fe400,0x00000000d6a00000)
  to   space 4096K, 0% used [0x00000000d6b00000,0x00000000d6b00000,0x00000000d6f00000)
 ParOldGen       total 68608K, used 47006K [0x0000000080000000, 0x0000000084300000, 0x00000000d5580000)
  object space 68608K, 68% used [0x0000000080000000,0x0000000082de7820,0x0000000084300000)
 Metaspace       used 64169K, committed 65664K, reserved 1114112K
  class space    used 6868K, committed 7488K, reserved 1048576K
}
Event: 107.461 GC heap after
{Heap after GC invocations=41 (full 3):
 PSYoungGen      total 18944K, used 683K [0x00000000d5580000, 0x00000000d6c00000, 0x0000000100000000)
  eden space 17920K, 0% used [0x00000000d5580000,0x00000000d5580000,0x00000000d6700000)
  from space 1024K, 66% used [0x00000000d6b00000,0x00000000d6baae98,0x00000000d6c00000)
  to   space 2048K, 0% used [0x00000000d6800000,0x00000000d6800000,0x00000000d6a00000)
 ParOldGen       total 68608K, used 48494K [0x0000000080000000, 0x0000000084300000, 0x00000000d5580000)
  object space 68608K, 70% used [0x0000000080000000,0x0000000082f5b898,0x0000000084300000)
 Metaspace       used 64169K, committed 65664K, reserved 1114112K
  class space    used 6868K, committed 7488K, reserved 1048576K
}

Dll operation events (10 events):
Event: 0.030 Loaded shared library c:\Users\hp\.vscode\extensions\redhat.java-1.53.0-win32-x64\jre\21.0.10-win32-x86_64\bin\java.dll
Event: 0.166 Loaded shared library c:\Users\hp\.vscode\extensions\redhat.java-1.53.0-win32-x64\jre\21.0.10-win32-x86_64\bin\zip.dll
Event: 0.219 Loaded shared library C:\Users\hp\.vscode\extensions\redhat.java-1.53.0-win32-x64\jre\21.0.10-win32-x86_64\bin\instrument.dll
Event: 0.590 Loaded shared library C:\Users\hp\.vscode\extensions\redhat.java-1.53.0-win32-x64\jre\21.0.10-win32-x86_64\bin\net.dll
Event: 0.908 Loaded shared library C:\Users\hp\.vscode\extensions\redhat.java-1.53.0-win32-x64\jre\21.0.10-win32-x86_64\bin\nio.dll
Event: 0.930 Loaded shared library C:\Users\hp\.vscode\extensions\redhat.java-1.53.0-win32-x64\jre\21.0.10-win32-x86_64\bin\zip.dll
Event: 1.057 Loaded shared library C:\Users\hp\.vscode\extensions\redhat.java-1.53.0-win32-x64\jre\21.0.10-win32-x86_64\bin\jimage.dll
Event: 1.411 Loaded shared library c:\Users\hp\.vscode\extensions\redhat.java-1.53.0-win32-x64\jre\21.0.10-win32-x86_64\bin\verify.dll
Event: 30.498 Loaded shared library C:\Users\hp\AppData\Roaming\Code\User\globalStorage\redhat.java\1.53.0\config_win\org.eclipse.equinox.launcher\org.eclipse.equinox.launcher.win32.win32.x86_64_1.3.0.v20260203-2149\eclipse_11919.dll
Event: 58.141 Loaded shared library C:\Users\hp\AppData\Local\Temp\jna-3336\jna3910756354445879992.dll

Deoptimization events (20 events):
Event: 377.364 Thread 0x000002326a927d50 Uncommon trap: trap_request=0xffffffde fr.pc=0x000002321751d580 relative=0x00000000000002e0
Event: 377.364 Thread 0x000002326a927d50 Uncommon trap: reason=class_check action=maybe_recompile pc=0x000002321751d580 method=java.io.DataOutputStream.writeByte(I)V @ 5 c2
Event: 377.364 Thread 0x000002326a927d50 DEOPT PACKING pc=0x000002321751d580 sp=0x000000da93bfeda0
Event: 377.364 Thread 0x000002326a927d50 DEOPT UNPACKING pc=0x0000023216d13aa2 sp=0x000000da93bfed58 mode 2
Event: 377.364 Thread 0x000002326a927d50 Uncommon trap: trap_request=0xffffffde fr.pc=0x000002321751d580 relative=0x00000000000002e0
Event: 377.364 Thread 0x000002326a927d50 Uncommon trap: reason=class_check action=maybe_recompile pc=0x000002321751d580 method=java.io.DataOutputStream.writeByte(I)V @ 5 c2
Event: 377.364 Thread 0x000002326a927d50 DEOPT PACKING pc=0x000002321751d580 sp=0x000000da93bfeda0
Event: 377.364 Thread 0x000002326a927d50 DEOPT UNPACKING pc=0x0000023216d13aa2 sp=0x000000da93bfed58 mode 2
Event: 377.365 Thread 0x000002326a927d50 Uncommon trap: trap_request=0xffffffde fr.pc=0x00000232174ccce0 relative=0x00000000000003a0
Event: 377.365 Thread 0x000002326a927d50 Uncommon trap: reason=class_check action=maybe_recompile pc=0x00000232174ccce0 method=java.io.DataOutputStream.writeInt(I)V @ 19 c2
Event: 377.365 Thread 0x000002326a927d50 DEOPT PACKING pc=0x00000232174ccce0 sp=0x000000da93bfeaf0
Event: 377.365 Thread 0x000002326a927d50 DEOPT UNPACKING pc=0x0000023216d13aa2 sp=0x000000da93bfea98 mode 2
Event: 377.365 Thread 0x000002326a927d50 Uncommon trap: trap_request=0xffffffde fr.pc=0x00000232174ccce0 relative=0x00000000000003a0
Event: 377.365 Thread 0x000002326a927d50 Uncommon trap: reason=class_check action=maybe_recompile pc=0x00000232174ccce0 method=java.io.DataOutputStream.writeInt(I)V @ 19 c2
Event: 377.365 Thread 0x000002326a927d50 DEOPT PACKING pc=0x00000232174ccce0 sp=0x000000da93bfea80
Event: 377.365 Thread 0x000002326a927d50 DEOPT UNPACKING pc=0x0000023216d13aa2 sp=0x000000da93bfea28 mode 2
Event: 377.376 Thread 0x000002326a927d50 Uncommon trap: trap_request=0xffffff45 fr.pc=0x00000232173f4b48 relative=0x00000000000001a8
Event: 377.376 Thread 0x000002326a927d50 Uncommon trap: reason=unstable_if action=reinterpret pc=0x00000232173f4b48 method=jdk.internal.org.objectweb.asm.Frame.push(I)V @ 26 c2
Event: 377.376 Thread 0x000002326a927d50 DEOPT PACKING pc=0x00000232173f4b48 sp=0x000000da93bfd510
Event: 377.376 Thread 0x000002326a927d50 DEOPT UNPACKING pc=0x0000023216d13aa2 sp=0x000000da93bfd498 mode 2

Classes loaded (20 events):
Event: 377.153 Loading class java/util/stream/Nodes$CollectorTask$OfRef
Event: 377.157 Loading class java/util/stream/Nodes$CollectorTask
Event: 377.169 Loading class java/util/stream/Nodes$CollectorTask done
Event: 377.169 Loading class java/util/stream/Nodes$CollectorTask$OfRef done
Event: 377.171 Loading class java/util/function/LongFunction
Event: 377.172 Loading class java/util/function/LongFunction done
Event: 377.174 Loading class java/util/stream/Nodes$ConcNode
Event: 377.178 Loading class java/util/stream/Nodes$AbstractConcNode
Event: 377.183 Loading class java/util/stream/Nodes$AbstractConcNode done
Event: 377.183 Loading class java/util/stream/Nodes$ConcNode done
Event: 377.309 Loading class java/util/stream/Nodes$ToArrayTask$OfRef
Event: 377.311 Loading class java/util/stream/Nodes$ToArrayTask
Event: 377.311 Loading class java/util/stream/Nodes$ToArrayTask done
Event: 377.311 Loading class java/util/stream/Nodes$ToArrayTask$OfRef done
Event: 377.326 Loading class java/io/ObjectOutputStream$BlockDataOutputStream
Event: 377.328 Loading class java/io/ObjectOutputStream$BlockDataOutputStream done
Event: 377.328 Loading class java/io/ObjectOutputStream$HandleTable
Event: 377.329 Loading class java/io/ObjectOutputStream$HandleTable done
Event: 377.329 Loading class java/io/ObjectOutputStream$ReplaceTable
Event: 377.329 Loading class java/io/ObjectOutputStream$ReplaceTable done

Classes unloaded (7 events):
Event: 59.701 Thread 0x000002320c64db50 Unloading class 0x00000232241a3000 'java/lang/invoke/LambdaForm$MH+0x00000232241a3000'
Event: 59.701 Thread 0x000002320c64db50 Unloading class 0x00000232241a2c00 'java/lang/invoke/LambdaForm$MH+0x00000232241a2c00'
Event: 59.701 Thread 0x000002320c64db50 Unloading class 0x00000232241a2800 'java/lang/invoke/LambdaForm$MH+0x00000232241a2800'
Event: 59.701 Thread 0x000002320c64db50 Unloading class 0x00000232241a2400 'java/lang/invoke/LambdaForm$MH+0x00000232241a2400'
Event: 59.701 Thread 0x000002320c64db50 Unloading class 0x00000232241a2000 'java/lang/invoke/LambdaForm$BMH+0x00000232241a2000'
Event: 59.701 Thread 0x000002320c64db50 Unloading class 0x00000232241a1c00 'java/lang/invoke/LambdaForm$DMH+0x00000232241a1c00'
Event: 59.701 Thread 0x000002320c64db50 Unloading class 0x00000232241a0800 'java/lang/invoke/LambdaForm$DMH+0x00000232241a0800'

Classes redefined (0 events):
No events

Internal exceptions (20 events):
Event: 75.734 Thread 0x000002326a927d50 Exception <a 'java/io/FileNotFoundException'{0x00000000d5e087d0}> (0x00000000d5e087d0) 
thrown [s\src\hotspot\share\prims\jni.cpp, line 520]
Event: 75.734 Thread 0x000002326a927d50 Exception <a 'java/io/FileNotFoundException'{0x00000000d5e12ca8}> (0x00000000d5e12ca8) 
thrown [s\src\hotspot\share\prims\jni.cpp, line 520]
Event: 75.766 Thread 0x000002326a928a70 Exception <a 'java/lang/NoSuchMethodError'{0x00000000d5f99198}: 'java.lang.Object java.lang.invoke.DirectMethodHandle$Holder.invokeStatic(java.lang.Object, java.lang.Object, int, java.lang.Object)'> (0x00000000d5f99198) 
thrown [s\src\hotspot\share\interpreter\linkResolver.cpp, line 773]
Event: 75.768 Thread 0x000002326a928a70 Exception <a 'java/lang/NoSuchMethodError'{0x00000000d5fbc480}: 'java.lang.Object java.lang.invoke.DirectMethodHandle$Holder.newInvokeSpecial(java.lang.Object, java.lang.Object, int)'> (0x00000000d5fbc480) 
thrown [s\src\hotspot\share\interpreter\linkResolver.cpp, line 773]
Event: 76.123 Thread 0x000002326c1aa9a0 Exception <a 'java/lang/IncompatibleClassChangeError'{0x00000000d5aa8e50}: Found class java.lang.Object, but interface was expected> (0x00000000d5aa8e50) 
thrown [s\src\hotspot\share\interpreter\linkResolver.cpp, line 840]
Event: 76.560 Thread 0x000002326c1ab6c0 Exception <a 'sun/nio/fs/WindowsException'{0x00000000d66a8d78}> (0x00000000d66a8d78) 
thrown [s\src\hotspot\share\prims\jni.cpp, line 520]
Event: 76.561 Thread 0x000002326c1ab6c0 Exception <a 'sun/nio/fs/WindowsException'{0x00000000d66a9678}> (0x00000000d66a9678) 
thrown [s\src\hotspot\share\prims\jni.cpp, line 520]
Event: 76.563 Thread 0x000002326c1ab6c0 Exception <a 'sun/nio/fs/WindowsException'{0x00000000d66aa590}> (0x00000000d66aa590) 
thrown [s\src\hotspot\share\prims\jni.cpp, line 520]
Event: 76.563 Thread 0x000002326c1ab6c0 Exception <a 'sun/nio/fs/WindowsException'{0x00000000d66aae70}> (0x00000000d66aae70) 
thrown [s\src\hotspot\share\prims\jni.cpp, line 520]
Event: 76.565 Thread 0x000002326c1ab6c0 Exception <a 'sun/nio/fs/WindowsException'{0x00000000d66ac498}> (0x00000000d66ac498) 
thrown [s\src\hotspot\share\prims\jni.cpp, line 520]
Event: 76.565 Thread 0x000002326c1ab6c0 Exception <a 'sun/nio/fs/WindowsException'{0x00000000d66acd78}> (0x00000000d66acd78) 
thrown [s\src\hotspot\share\prims\jni.cpp, line 520]
Event: 76.566 Thread 0x000002326c1ab6c0 Exception <a 'sun/nio/fs/WindowsException'{0x00000000d66f5b88}> (0x00000000d66f5b88) 
thrown [s\src\hotspot\share\prims\jni.cpp, line 520]
Event: 76.571 Thread 0x000002326c1ab6c0 Exception <a 'sun/nio/fs/WindowsException'{0x00000000d55846f0}> (0x00000000d55846f0) 
thrown [s\src\hotspot\share\prims\jni.cpp, line 520]
Event: 76.648 Thread 0x000002326dc501a0 Exception <a 'java/lang/NoSuchMethodError'{0x00000000d58892f8}: 'java.lang.Object java.lang.invoke.DirectMethodHandle$Holder.invokeStaticInit(java.lang.Object, java.lang.Object, java.lang.Object)'> (0x00000000d58892f8) 
thrown [s\src\hotspot\share\interpreter\linkResolver.cpp, line 773]
Event: 77.120 Thread 0x000002326a925c80 Exception <a 'sun/nio/fs/WindowsException'{0x00000000d5a1d708}> (0x00000000d5a1d708) 
thrown [s\src\hotspot\share\prims\jni.cpp, line 520]
Event: 77.975 Thread 0x000002326c1a7520 Exception <a 'java/lang/NoSuchMethodError'{0x00000000d5a41700}: 'void java.lang.invoke.DirectMethodHandle$Holder.invokeSpecial(java.lang.Object, java.lang.Object, int)'> (0x00000000d5a41700) 
thrown [s\src\hotspot\share\interpreter\linkResolver.cpp, line 773]
Event: 79.670 Thread 0x000002326c1aa9a0 Exception <a 'java/lang/IncompatibleClassChangeError'{0x00000000d5ea6608}: Found class java.lang.Object, but interface was expected> (0x00000000d5ea6608) 
thrown [s\src\hotspot\share\interpreter\linkResolver.cpp, line 840]
Event: 107.321 Thread 0x000002326c1aa9a0 Exception <a 'java/lang/IncompatibleClassChangeError'{0x00000000d635ce28}: Found class java.lang.Object, but interface was expected> (0x00000000d635ce28) 
thrown [s\src\hotspot\share\interpreter\linkResolver.cpp, line 840]
Event: 107.335 Thread 0x000002326c1ab030 Exception <a 'java/lang/NoSuchMethodError'{0x00000000d63fee50}: 'java.lang.Object java.lang.invoke.DirectMethodHandle$Holder.invokeSpecial(java.lang.Object, java.lang.Object, java.lang.Object, java.lang.Object, int, java.lang.Object, java.lang.Object)'> (0x00000000d63fee50) 
thrown [s\src\hotspot\share\interpreter\linkResolver.cpp, line 773]
Event: 377.384 Thread 0x000002326a927d50 Exception <a 'java/lang/NoSuchMethodError'{0x00000000d66aa200}: 'java.lang.Object java.lang.invoke.DirectMethodHandle$Holder.newInvokeSpecial(java.lang.Object, java.lang.Object, java.lang.Object, java.lang.Object, java.lang.Object, java.lang.Object, java.lang.Object, java.lang.Object)'> (0x00000000d66aa200) 
thrown [s\src\hotspot\share\interpreter\linkResolver.cpp, line 773]

ZGC Phase Switch (0 events):
No events

VM Operations (20 events):
Event: 360.889 Executing non-safepoint VM operation: HandshakeAllThreads (HandshakeForDeflation) done
Event: 360.890 Executing non-safepoint VM operation: RendezvousGCThreads
Event: 360.890 Executing non-safepoint VM operation: RendezvousGCThreads done
Event: 376.947 Executing safepoint VM operation: Cleanup
Event: 376.947 Executing safepoint VM operation: Cleanup done
Event: 377.950 Executing safepoint VM operation: Cleanup
Event: 377.951 Executing safepoint VM operation: Cleanup done
Event: 394.009 Executing safepoint VM operation: Cleanup
Event: 394.009 Executing safepoint VM operation: Cleanup done
Event: 397.020 Executing safepoint VM operation: Cleanup
Event: 397.020 Executing safepoint VM operation: Cleanup done
Event: 421.000 Executing non-safepoint VM operation: HandshakeAllThreads (HandshakeForDeflation)
Event: 421.000 Executing non-safepoint VM operation: HandshakeAllThreads (HandshakeForDeflation) done
Event: 421.001 Executing non-safepoint VM operation: RendezvousGCThreads
Event: 421.001 Executing non-safepoint VM operation: RendezvousGCThreads done
Event: 796.193 Executing non-safepoint VM operation: HandshakeAllThreads (HandshakeForDeflation)
Event: 796.207 Executing non-safepoint VM operation: HandshakeAllThreads (HandshakeForDeflation) done
Event: 796.208 Executing non-safepoint VM operation: RendezvousGCThreads
Event: 796.208 Executing non-safepoint VM operation: RendezvousGCThreads done
Event: 856.398 Executing non-safepoint VM operation: HandshakeAllThreads (HandshakeForDeflation)

Memory protections (0 events):
No events

Nmethod flushes (20 events):
Event: 75.550 Thread 0x000002320c64db50 flushing  nmethod 0x00000232100ad390
Event: 75.550 Thread 0x000002320c64db50 flushing  nmethod 0x00000232100b3c90
Event: 75.550 Thread 0x000002320c64db50 flushing  nmethod 0x00000232100b4110
Event: 75.550 Thread 0x000002320c64db50 flushing  nmethod 0x00000232100b4610
Event: 75.550 Thread 0x000002320c64db50 flushing  nmethod 0x00000232100b7510
Event: 75.550 Thread 0x000002320c64db50 flushing  nmethod 0x00000232100b7890
Event: 75.550 Thread 0x000002320c64db50 flushing  nmethod 0x00000232100b7c10
Event: 75.550 Thread 0x000002320c64db50 flushing  nmethod 0x00000232100b8e90
Event: 75.550 Thread 0x000002320c64db50 flushing  nmethod 0x00000232100b9290
Event: 75.550 Thread 0x000002320c64db50 flushing  nmethod 0x00000232100b9610
Event: 75.550 Thread 0x000002320c64db50 flushing  nmethod 0x00000232100b9b90
Event: 75.550 Thread 0x000002320c64db50 flushing  nmethod 0x00000232100b9f90
Event: 75.550 Thread 0x000002320c64db50 flushing  nmethod 0x00000232100bd910
Event: 75.550 Thread 0x000002320c64db50 flushing  nmethod 0x00000232100bdd10
Event: 75.550 Thread 0x000002320c64db50 flushing  nmethod 0x00000232100bea90
Event: 75.550 Thread 0x000002320c64db50 flushing  nmethod 0x00000232100c6e90
Event: 75.550 Thread 0x000002320c64db50 flushing  nmethod 0x00000232100c7d10
Event: 75.550 Thread 0x000002320c64db50 flushing  nmethod 0x00000232100c9290
Event: 75.550 Thread 0x000002320c64db50 flushing  nmethod 0x0000023210112390
Event: 75.550 Thread 0x000002320c64db50 flushing  nmethod 0x000002321011f610

Events (20 events):
Event: 107.034 Thread 0x000002326a027f70 Thread added: 0x000002326c1a0cf0
Event: 107.174 Thread 0x000002326c1a0cf0 Thread exited: 0x000002326c1a0cf0
Event: 107.196 Thread 0x000002326a027f70 Thread added: 0x000002326c1a0620
Event: 107.464 Thread 0x000002326a027f70 Thread added: 0x000002326c1a13c0
Event: 108.687 Thread 0x000002326c1a13c0 Thread exited: 0x000002326c1a13c0
Event: 109.185 Thread 0x000002326c1a0620 Thread exited: 0x000002326c1a0620
Event: 137.173 Thread 0x000002326a9276c0 Thread exited: 0x000002326a9276c0
Event: 137.185 Thread 0x000002326a928a70 Thread exited: 0x000002326a928a70
Event: 137.199 Thread 0x000002326a926310 Thread exited: 0x000002326a926310
Event: 137.354 Thread 0x000002326a9269a0 Thread exited: 0x000002326a9269a0
Event: 169.241 Thread 0x000002326c1a7520 Thread exited: 0x000002326c1a7520
Event: 229.263 Thread 0x000002326dc501a0 Thread exited: 0x000002326dc501a0
Event: 289.270 Thread 0x000002326c1ab030 Thread exited: 0x000002326c1ab030
Event: 349.304 Thread 0x000002326c1ab6c0 Thread exited: 0x000002326c1ab6c0
Event: 377.130 Thread 0x000002326a927d50 Thread added: 0x000002326dc51be0
Event: 377.192 Thread 0x000002326dc51be0 Thread exited: 0x000002326dc51be0
Event: 377.297 Thread 0x000002326a927d50 Thread added: 0x000002326dc4fb10
Event: 377.308 Thread 0x000002326dc4fb10 Thread added: 0x000002326dc51be0
Event: 377.312 Thread 0x000002326dc4fb10 Thread exited: 0x000002326dc4fb10
Event: 377.312 Thread 0x000002326dc51be0 Thread exited: 0x000002326dc51be0


Dynamic libraries:
0x00007ff6af3f0000 - 0x00007ff6af3fe000 	c:\Users\hp\.vscode\extensions\redhat.java-1.53.0-win32-x64\jre\21.0.10-win32-x86_64\bin\java.exe
0x00007ffead100000 - 0x00007ffead367000 	C:\WINDOWS\SYSTEM32\ntdll.dll
0x00007ffeaba70000 - 0x00007ffeabb39000 	C:\WINDOWS\System32\KERNEL32.DLL
0x00007ffeaa690000 - 0x00007ffeaaa81000 	C:\WINDOWS\System32\KERNELBASE.dll
0x00007ffea9b60000 - 0x00007ffea9cab000 	C:\WINDOWS\System32\ucrtbase.dll
0x00007ffe7aba0000 - 0x00007ffe7abbe000 	c:\Users\hp\.vscode\extensions\redhat.java-1.53.0-win32-x64\jre\21.0.10-win32-x86_64\bin\VCRUNTIME140.dll
0x00007ffe80cf0000 - 0x00007ffe80d08000 	c:\Users\hp\.vscode\extensions\redhat.java-1.53.0-win32-x64\jre\21.0.10-win32-x86_64\bin\jli.dll
0x00007ffeabdc0000 - 0x00007ffeabf85000 	C:\WINDOWS\System32\USER32.dll
0x00007ffe87b20000 - 0x00007ffe87db3000 	C:\WINDOWS\WinSxS\amd64_microsoft.windows.common-controls_6595b64144ccf1df_6.0.26100.8037_none_3e092faae333b53b\COMCTL32.dll
0x00007ffea9a70000 - 0x00007ffea9a97000 	C:\WINDOWS\System32\win32u.dll
0x00007ffeab5e0000 - 0x00007ffeab689000 	C:\WINDOWS\System32\msvcrt.dll
0x00007ffeab9c0000 - 0x00007ffeab9eb000 	C:\WINDOWS\System32\GDI32.dll
0x00007ffeaad70000 - 0x00007ffeaae9b000 	C:\WINDOWS\System32\gdi32full.dll
0x00007ffeaab40000 - 0x00007ffeaabe3000 	C:\WINDOWS\System32\msvcp_win.dll
0x00007ffeabf90000 - 0x00007ffeabfc1000 	C:\WINDOWS\System32\IMM32.DLL
0x00007ffe9d520000 - 0x00007ffe9d52c000 	c:\Users\hp\.vscode\extensions\redhat.java-1.53.0-win32-x64\jre\21.0.10-win32-x86_64\bin\vcruntime140_1.dll
0x00007ffe4bd50000 - 0x00007ffe4bddd000 	c:\Users\hp\.vscode\extensions\redhat.java-1.53.0-win32-x64\jre\21.0.10-win32-x86_64\bin\msvcp140.dll
0x00007ffdf0bf0000 - 0x00007ffdf1991000 	c:\Users\hp\.vscode\extensions\redhat.java-1.53.0-win32-x64\jre\21.0.10-win32-x86_64\bin\server\jvm.dll
0x00007ffeab460000 - 0x00007ffeab51b000 	C:\WINDOWS\System32\ADVAPI32.dll
0x00007ffead010000 - 0x00007ffead0b7000 	C:\WINDOWS\System32\sechost.dll
0x00007ffeac5d0000 - 0x00007ffeac6e8000 	C:\WINDOWS\System32\RPCRT4.dll
0x00007ffeabcd0000 - 0x00007ffeabd44000 	C:\WINDOWS\System32\WS2_32.dll
0x00007ffea91c0000 - 0x00007ffea921e000 	C:\WINDOWS\SYSTEM32\POWRPROF.dll
0x00007ffe96f40000 - 0x00007ffe96f75000 	C:\WINDOWS\SYSTEM32\WINMM.dll
0x00007ffe9f5e0000 - 0x00007ffe9f5eb000 	C:\WINDOWS\SYSTEM32\VERSION.dll
0x00007ffea9130000 - 0x00007ffea9144000 	C:\WINDOWS\SYSTEM32\UMPDC.dll
0x00007ffea8770000 - 0x00007ffea878b000 	C:\WINDOWS\SYSTEM32\kernel.appcore.dll
0x00007ffe8c2d0000 - 0x00007ffe8c2da000 	c:\Users\hp\.vscode\extensions\redhat.java-1.53.0-win32-x64\jre\21.0.10-win32-x86_64\bin\jimage.dll
0x00007ffea7a60000 - 0x00007ffea7ca2000 	C:\WINDOWS\SYSTEM32\DBGHELP.DLL
0x00007ffeab0d0000 - 0x00007ffeab452000 	C:\WINDOWS\System32\combase.dll
0x00007ffeab8d0000 - 0x00007ffeab9a7000 	C:\WINDOWS\System32\OLEAUT32.dll
0x00007ffe7e770000 - 0x00007ffe7e7ab000 	C:\WINDOWS\SYSTEM32\dbgcore.DLL
0x00007ffeaaa90000 - 0x00007ffeaab35000 	C:\WINDOWS\System32\bcryptPrimitives.dll
0x00007ffe80ce0000 - 0x00007ffe80cef000 	c:\Users\hp\.vscode\extensions\redhat.java-1.53.0-win32-x64\jre\21.0.10-win32-x86_64\bin\instrument.dll
0x00007ffe7a570000 - 0x00007ffe7a590000 	c:\Users\hp\.vscode\extensions\redhat.java-1.53.0-win32-x64\jre\21.0.10-win32-x86_64\bin\java.dll
0x00007ffeac8a0000 - 0x00007ffeacfff000 	C:\WINDOWS\System32\SHELL32.dll
0x00007ffea9cb0000 - 0x00007ffea9e1a000 	C:\WINDOWS\System32\wintypes.dll
0x00007ffea9e20000 - 0x00007ffeaa684000 	C:\WINDOWS\System32\windows.storage.dll
0x00007ffeabba0000 - 0x00007ffeabc97000 	C:\WINDOWS\System32\SHCORE.dll
0x00007ffeabd50000 - 0x00007ffeabdb7000 	C:\WINDOWS\System32\shlwapi.dll
0x00007ffea98d0000 - 0x00007ffea98f9000 	C:\WINDOWS\SYSTEM32\profapi.dll
0x00007ffe83fb0000 - 0x00007ffe83fc8000 	c:\Users\hp\.vscode\extensions\redhat.java-1.53.0-win32-x64\jre\21.0.10-win32-x86_64\bin\zip.dll
0x00007ffe77870000 - 0x00007ffe77880000 	C:\Users\hp\.vscode\extensions\redhat.java-1.53.0-win32-x64\jre\21.0.10-win32-x86_64\bin\net.dll
0x00007ffea0700000 - 0x00007ffea0827000 	C:\WINDOWS\SYSTEM32\WINHTTP.dll
0x00007ffea8d50000 - 0x00007ffea8dbb000 	C:\WINDOWS\system32\mswsock.dll
0x00007ffe74300000 - 0x00007ffe74316000 	C:\Users\hp\.vscode\extensions\redhat.java-1.53.0-win32-x64\jre\21.0.10-win32-x86_64\bin\nio.dll
0x00007ffe83fe0000 - 0x00007ffe83ff0000 	c:\Users\hp\.vscode\extensions\redhat.java-1.53.0-win32-x64\jre\21.0.10-win32-x86_64\bin\verify.dll
0x00007ffe4d3b0000 - 0x00007ffe4d3f5000 	C:\Users\hp\AppData\Roaming\Code\User\globalStorage\redhat.java\1.53.0\config_win\org.eclipse.equinox.launcher\org.eclipse.equinox.launcher.win32.win32.x86_64_1.3.0.v20260203-2149\eclipse_11919.dll
0x00007ffeac700000 - 0x00007ffeac895000 	C:\WINDOWS\System32\ole32.dll
0x00007ffea9030000 - 0x00007ffea904b000 	C:\WINDOWS\SYSTEM32\CRYPTSP.dll
0x00007ffea86d0000 - 0x00007ffea8709000 	C:\WINDOWS\system32\rsaenh.dll
0x00007ffea8e00000 - 0x00007ffea8e32000 	C:\WINDOWS\SYSTEM32\USERENV.dll
0x00007ffea9900000 - 0x00007ffea992a000 	C:\WINDOWS\SYSTEM32\bcrypt.dll
0x00007ffea9050000 - 0x00007ffea905c000 	C:\WINDOWS\SYSTEM32\CRYPTBASE.dll
0x00007ffea8140000 - 0x00007ffea8173000 	C:\WINDOWS\SYSTEM32\IPHLPAPI.DLL
0x00007ffeac6f0000 - 0x00007ffeac6fa000 	C:\WINDOWS\System32\NSI.dll
0x00007ffe4c5b0000 - 0x00007ffe4c5f9000 	C:\Users\hp\AppData\Local\Temp\jna-3336\jna3910756354445879992.dll
0x00007ffeab690000 - 0x00007ffeab698000 	C:\WINDOWS\System32\PSAPI.DLL
0x00007ffea0e70000 - 0x00007ffea0e8d000 	C:\WINDOWS\SYSTEM32\dhcpcsvc6.DLL
0x00007ffea0e40000 - 0x00007ffea0e63000 	C:\WINDOWS\SYSTEM32\dhcpcsvc.DLL

JVMTI agents:
c:\Users\hp\.vscode\extensions\redhat.java-1.53.0-win32-x64\lombok\lombok-1.18.39-4050.jar path:c:\Users\hp\.vscode\extensions\redhat.java-1.53.0-win32-x64\jre\21.0.10-win32-x86_64\bin\instrument.dll, loaded, initialized, instrumentlib options:none

dbghelp: loaded successfully - version: 4.0.5 - missing functions: none
symbol engine: initialized successfully - sym options: 0x614 - pdb path: .;c:\Users\hp\.vscode\extensions\redhat.java-1.53.0-win32-x64\jre\21.0.10-win32-x86_64\bin;C:\WINDOWS\SYSTEM32;C:\WINDOWS\WinSxS\amd64_microsoft.windows.common-controls_6595b64144ccf1df_6.0.26100.8037_none_3e092faae333b53b;c:\Users\hp\.vscode\extensions\redhat.java-1.53.0-win32-x64\jre\21.0.10-win32-x86_64\bin\server;C:\Users\hp\AppData\Roaming\Code\User\globalStorage\redhat.java\1.53.0\config_win\org.eclipse.equinox.launcher\org.eclipse.equinox.launcher.win32.win32.x86_64_1.3.0.v20260203-2149;C:\Users\hp\AppData\Local\Temp\jna-3336

VM Arguments:
jvm_args: --add-modules=ALL-SYSTEM --add-opens=java.base/java.util=ALL-UNNAMED --add-opens=java.base/java.lang=ALL-UNNAMED --add-opens=java.base/sun.nio.fs=ALL-UNNAMED -Declipse.application=org.eclipse.jdt.ls.core.id1 -Dosgi.bundles.defaultStartLevel=4 -Declipse.product=org.eclipse.jdt.ls.core.product -Djava.import.generatesMetadataFilesAtProjectRoot=false -DDetectVMInstallationsJob.disabled=true -Dfile.encoding=utf8 -XX:+UseParallelGC -XX:GCTimeRatio=4 -XX:AdaptiveSizePolicyWeight=90 -Dsun.zip.disableMemoryMapping=true -Xmx2G -Xms100m -Xlog:disable -javaagent:c:\Users\hp\.vscode\extensions\redhat.java-1.53.0-win32-x64\lombok\lombok-1.18.39-4050.jar -XX:+HeapDumpOnOutOfMemoryError -XX:HeapDumpPath=c:\Users\hp\AppData\Roaming\Code\User\workspaceStorage\c4173f62187eaf324d83cf2981bc79d4\redhat.java -Daether.dependencyCollector.impl=bf 
java_command: c:\Users\hp\.vscode\extensions\redhat.java-1.53.0-win32-x64\server\plugins\org.eclipse.equinox.launcher_1.7.100.v20251111-0406.jar -configuration c:\Users\hp\AppData\Roaming\Code\User\globalStorage\redhat.java\1.53.0\config_win -data c:\Users\hp\AppData\Roaming\Code\User\workspaceStorage\c4173f62187eaf324d83cf2981bc79d4\redhat.java\jdt_ws --pipe=\\.\pipe\lsp-fad6d4e2111bc3592b19d13702c73b19-sock
java_class_path (initial): c:\Users\hp\.vscode\extensions\redhat.java-1.53.0-win32-x64\server\plugins\org.eclipse.equinox.launcher_1.7.100.v20251111-0406.jar
Launcher Type: SUN_STANDARD

[Global flags]
    uintx AdaptiveSizePolicyWeight                 = 90                                        {product} {command line}
     intx CICompilerCount                          = 4                                         {product} {ergonomic}
    uintx GCTimeRatio                              = 4                                         {product} {command line}
     bool HeapDumpOnOutOfMemoryError               = true                                   {manageable} {command line}
    ccstr HeapDumpPath                             = c:\Users\hp\AppData\Roaming\Code\User\workspaceStorage\c4173f62187eaf324d83cf2981bc79d4\redhat.java         {manageable} {command line}
   size_t InitialHeapSize                          = 104857600                                 {product} {command line}
   size_t MaxHeapSize                              = 2147483648                                {product} {command line}
   size_t MaxNewSize                               = 715653120                                 {product} {ergonomic}
   size_t MinHeapDeltaBytes                        = 524288                                    {product} {ergonomic}
   size_t MinHeapSize                              = 104857600                                 {product} {command line}
   size_t NewSize                                  = 34603008                                  {product} {ergonomic}
    uintx NonNMethodCodeHeapSize                   = 5839372                                {pd product} {ergonomic}
    uintx NonProfiledCodeHeapSize                  = 122909434                              {pd product} {ergonomic}
   size_t OldSize                                  = 70254592                                  {product} {ergonomic}
    uintx ProfiledCodeHeapSize                     = 122909434                              {pd product} {ergonomic}
    uintx ReservedCodeCacheSize                    = 251658240                              {pd product} {ergonomic}
     bool SegmentedCodeCache                       = true                                      {product} {ergonomic}
   size_t SoftMaxHeapSize                          = 2147483648                             {manageable} {ergonomic}
     bool UseCompressedOops                        = true                           {product lp64_product} {ergonomic}
     bool UseLargePagesIndividualAllocation        = false                                  {pd product} {ergonomic}
     bool UseParallelGC                            = true                                      {product} {command line}

Logging:
Log output configuration:
 #0: stdout all=off uptime,level,tags foldmultilines=false
 #1: stderr all=off uptime,level,tags foldmultilines=false

Release file:
JAVA_VERSION="21.0.10" 
MODULES="java.base java.compiler java.datatransfer java.xml java.prefs java.desktop java.instrument java.logging java.management java.security.sasl java.naming java.rmi java.management.rmi java.net.http java.scripting java.security.jgss java.transaction.xa java.sql java.sql.rowset java.xml.crypto java.se java.smartcardio jdk.accessibility jdk.internal.jvmstat jdk.attach jdk.charsets jdk.internal.opt jdk.zipfs jdk.compiler jdk.crypto.ec jdk.crypto.cryptoki jdk.crypto.mscapi jdk.dynalink jdk.internal.ed jdk.editpad jdk.hotspot.agent jdk.httpserver jdk.internal.le jdk.internal.vm.ci jdk.internal.vm.compiler jdk.internal.vm.compiler.management jdk.jartool jdk.javadoc jdk.jcmd jdk.management jdk.management.agent jdk.jconsole jdk.jdeps jdk.jdwp.agent jdk.jdi jdk.jfr jdk.jshell jdk.jsobject jdk.jstatd jdk.localedata jdk.management.jfr jdk.naming.dns jdk.naming.rmi jdk.net jdk.nio.mapmode jdk.random jdk.sctp jdk.security.auth jdk.security.jgss jdk.unsupported jdk.unsupported.desktop jdk.xml.dom" 

Environment Variables:
PATH=C:\Users\hp\AppData\Local\Programs\Microsoft VS Code;C:\Python314\Scripts\;C:\Python314\;C:\Program Files\Common Files\Oracle\Java\javapath;C:\WINDOWS\system32;C:\WINDOWS;C:\WINDOWS\System32\Wbem;C:\WINDOWS\System32\WindowsPowerShell\v1.0\;C:\WINDOWS\System32\OpenSSH\;C:\Program Files\Java\jdk-11\bin;C:\Program Files\nodejs\;C:\ProgramData\chocolatey\bin;C:\Program Files\Git\cmd;C:\Users\hp\.cargo\bin;C:\Users\hp\AppData\Local\Programs\Python\Python38\Scripts\;C:\Users\hp\AppData\Local\Programs\Python\Python38\;C:\Users\hp\AppData\Local\Programs\Python\Python310\Scripts\;C:\Users\hp\AppData\Local\Programs\Python\Python310\;C:\Users\hp\AppData\Local\Microsoft\WindowsApps;C:\Users\hp\AppData\Local\Programs\Antigravity\bin;C:\Users\hp\AppData\Local\Programs\Microsoft VS Code\bin;C:\Users\hp\AppData\Roaming\npm;C:\Program Files\JetBrains\IntelliJ IDEA 2025.3.3\bin
USERNAME=hp
OS=Windows_NT
PROCESSOR_IDENTIFIER=Intel64 Family 6 Model 154 Stepping 3, GenuineIntel
TMP=C:\Users\hp\AppData\Local\Temp
TEMP=C:\Users\hp\AppData\Local\Temp




Periodic native trim disabled

---------------  S Y S T E M  ---------------

OS:
 Windows 11 , 64 bit Build 26100 (10.0.26100.7920)
OS uptime: 2 days 2:47 hours
Hyper-V role detected

CPU: total 12 (initial active 12) (6 cores per cpu, 2 threads per core) family 6 model 154 stepping 3 microcode 0x437, cx8, cmov, fxsr, ht, mmx, 3dnowpref, sse, sse2, sse3, ssse3, sse4.1, sse4.2, popcnt, lzcnt, tsc, tscinvbit, avx, avx2, aes, erms, clmul, bmi1, bmi2, adx, sha, fma, vzeroupper, clflush, clflushopt, clwb, hv, serialize, rdtscp, rdpid, fsrm, f16c, cet_ibt, cet_ss
Processor Information for the first 12 processors :
  Max Mhz: 2000, Current Mhz: 2000, Mhz Limit: 2000

Memory: 4k page, system-wide physical 7832M (49M free)
TotalPageFile size 31384M (AvailPageFile size 0M)
current process WorkingSet (physical memory assigned to process): 7M, peak: 259M
current process commit charge ("private bytes"): 343M, peak: 402M

vm_info: OpenJDK 64-Bit Server VM (21.0.10+7-LTS) for windows-amd64 JRE (21.0.10+7-LTS), built on 2026-01-20T00:00:00Z by "admin" with MS VC++ 17.12 (VS2022)

END.
